]51;["call", "Tapi_Vpager_setup", ["vpager_setup", "%d _","setl ft=diff","wincmd H"]]]51;["call", "Tapi_Vpager",  ["vpager", "\u001b[0m\u001b[01;32mcmd\u001b[0m"]][0m[01;32mcmd[0m
]51;["call", "Tapi_Vpager",  ["vpager", "test.expected"]]test.expected
]51;["call", "Tapi_Vpager",  ["vpager", "test.out"]]test.out
