NAME

    This script vpager can be used as pager from inside Vims built-in
    terminal. The output will be copied to a new buffer in Vim.

SYNOPSIS
    vpager [-n -C option]
    vpager [-h|-v]

    -v	display version
    -h	display help
    -C	Pass options to Vim. Can be used to e.g. set the filetype for
        correct syntax highlighting.
    -n  Clear the previous buffer in Vim
    -V  Open a vertical split window in Vim

EXAMPLES
  git diff | vpager -nC 'ft=diff'

  Copies the output of git diff into a buffer inside Vim. Any previous
  output in the buffer will be cleared and the filetype will be set
  to "diff", for proper syntax highlighting.
